// Jest Snapshot v1, https://goo.gl/fbAQLP

exports[`Home component renders correctly 1`] = `
<div
  className="row"
>
  <div
    className="col-xs-12"
  >
    <h1>
      App home
    </h1>
    <p>
      This is the protected area.
    </p>
  </div>
</div>
`;
